// Jest Snapshot v1, https://goo.gl/fbAQLP

exports[`Login matches snapshot 1`] = `
ShallowWrapper {
  Symbol(enzyme.__root__): [Circular],
  Symbol(enzyme.__unrendered__): <Login
    DisplayViewRoom={false}
  />,
  Symbol(enzyme.__renderer__): Object {
    "batchedUpdates": [Function],
    "getNode": [Function],
    "render": [Function],
    "simulateError": [Function],
    "simulateEvent": [Function],
    "unmount": [Function],
  },
  Symbol(enzyme.__node__): Object {
    "instance": null,
    "key": undefined,
    "nodeType": "host",
    "props": Object {
      "children": Array [
        <header
          className="App-header"
        />,
        <div
          className="loginButton"
        >
          <Btn
            className="Button"
            disabled={false}
            htmlType="button"
            onClick={[Function]}
            tab-index="1"
            type="primary"
          >
            <span>
              Login
            </span>
          </Btn>
        </div>,
      ],
      "className": "App",
    },
    "ref": null,
    "rendered": Array [
      Object {
        "instance": null,
        "key": undefined,
        "nodeType": "host",
        "props": Object {
          "className": "App-header",
        },
        "ref": null,
        "rendered": null,
        "type": "header",
      },
      Object {
        "instance": null,
        "key": undefined,
        "nodeType": "host",
        "props": Object {
          "children": <Btn
            className="Button"
            disabled={false}
            htmlType="button"
            onClick={[Function]}
            tab-index="1"
            type="primary"
          >
            <span>
              Login
            </span>
          </Btn>,
          "className": "loginButton",
        },
        "ref": null,
        "rendered": Object {
          "instance": null,
          "key": undefined,
          "nodeType": "function",
          "props": Object {
            "children": <span>
              Login
            </span>,
            "className": "Button",
            "disabled": false,
            "htmlType": "button",
            "onClick": [Function],
            "tab-index": "1",
            "type": "primary",
          },
          "ref": null,
          "rendered": Object {
            "instance": null,
            "key": undefined,
            "nodeType": "host",
            "props": Object {
              "children": "Login",
            },
            "ref": null,
            "rendered": "Login",
            "type": "span",
          },
          "type": [Function],
        },
        "type": "div",
      },
    ],
    "type": "div",
  },
  Symbol(enzyme.__nodes__): Array [
    Object {
      "instance": null,
      "key": undefined,
      "nodeType": "host",
      "props": Object {
        "children": Array [
          <header
            className="App-header"
          />,
          <div
            className="loginButton"
          >
            <Btn
              className="Button"
              disabled={false}
              htmlType="button"
              onClick={[Function]}
              tab-index="1"
              type="primary"
            >
              <span>
                Login
              </span>
            </Btn>
          </div>,
        ],
        "className": "App",
      },
      "ref": null,
      "rendered": Array [
        Object {
          "instance": null,
          "key": undefined,
          "nodeType": "host",
          "props": Object {
            "className": "App-header",
          },
          "ref": null,
          "rendered": null,
          "type": "header",
        },
        Object {
          "instance": null,
          "key": undefined,
          "nodeType": "host",
          "props": Object {
            "children": <Btn
              className="Button"
              disabled={false}
              htmlType="button"
              onClick={[Function]}
              tab-index="1"
              type="primary"
            >
              <span>
                Login
              </span>
            </Btn>,
            "className": "loginButton",
          },
          "ref": null,
          "rendered": Object {
            "instance": null,
            "key": undefined,
            "nodeType": "function",
            "props": Object {
              "children": <span>
                Login
              </span>,
              "className": "Button",
              "disabled": false,
              "htmlType": "button",
              "onClick": [Function],
              "tab-index": "1",
              "type": "primary",
            },
            "ref": null,
            "rendered": Object {
              "instance": null,
              "key": undefined,
              "nodeType": "host",
              "props": Object {
                "children": "Login",
              },
              "ref": null,
              "rendered": "Login",
              "type": "span",
            },
            "type": [Function],
          },
          "type": "div",
        },
      ],
      "type": "div",
    },
  ],
  Symbol(enzyme.__options__): Object {
    "adapter": ReactSixteenAdapter {
      "options": Object {
        "enableComponentDidUpdateOnSetState": true,
        "lifecycles": Object {
          "componentDidUpdate": Object {
            "onSetState": true,
          },
          "getDerivedStateFromProps": true,
          "getSnapshotBeforeUpdate": true,
          "setState": Object {
            "skipsComponentDidUpdateOnNullish": true,
          },
        },
      },
    },
  },
}
`;
